[master 5ab2c3d] added: output Thu Aug 27 03:00:12 AM PDT 2026
 160 files changed, 2020 insertions(+)
 create mode 100644 archive/2026-04-21/errfile_2026-04-20.log
 create mode 100644 archive/2026-04-21/errfile_2026-04-21.log
 create mode 100644 archive/2026-04-21/logfile_2026-04-20.log
 create mode 100644 archive/2026-04-21/logfile_2026-04-21.log
 create mode 100644 archive/2026-04-21/logfile_parent_2026-04-21.log
 create mode 100644 archive/2026-04-22/errfile_2026-04-21.log
 create mode 100644 archive/2026-04-22/errfile_2026-04-22.log
 create mode 100644 archive/2026-04-22/logfile_2026-04-21.log
 create mode 100644 archive/2026-04-22/logfile_2026-04-22.log
 create mode 100644 archive/2026-04-22/logfile_parent_2026-04-22.log
 create mode 100644 archive/2026-04-23/errfile_2026-04-22.log
 create mode 100644 archive/2026-04-23/errfile_2026-04-23.log
 create mode 100644 archive/2026-04-23/logfile_2026-04-22.log
 create mode 100644 archive/2026-04-23/logfile_2026-04-23.log
 create mode 100644 archive/2026-04-23/logfile_parent_2026-04-23.log
 create mode 100644 archive/2026-04-24/errfile_2026-04-23.log
 create mode 100644 archive/2026-04-24/errfile_2026-04-24.log
 create mode 100644 archive/2026-04-24/logfile_2026-04-23.log
 create mode 100644 archive/2026-04-24/logfile_2026-04-24.log
 create mode 100644 archive/2026-04-24/logfile_parent_2026-04-24.log
 create mode 100644 archive/2026-04-25/errfile_2026-04-24.log
 create mode 100644 archive/2026-04-25/errfile_2026-04-25.log
 create mode 100644 archive/2026-04-25/logfile_2026-04-24.log
 create mode 100644 archive/2026-04-25/logfile_2026-04-25.log
 create mode 100644 archive/2026-04-25/logfile_parent_2026-04-25.log
 create mode 100644 archive/2026-04-26/errfile_2026-04-25.log
 create mode 100644 archive/2026-04-26/errfile_2026-04-26.log
 create mode 100644 archive/2026-04-26/logfile_2026-04-25.log
 create mode 100644 archive/2026-04-26/logfile_2026-04-26.log
 create mode 100644 archive/2026-04-26/logfile_parent_2026-04-26.log
 create mode 100644 archive/2026-04-27/errfile_2026-04-26.log
 create mode 100644 archive/2026-04-27/errfile_2026-04-27.log
 create mode 100644 archive/2026-04-27/logfile_2026-04-26.log
 create mode 100644 archive/2026-04-27/logfile_2026-04-27.log
 create mode 100644 archive/2026-04-27/logfile_parent_2026-04-27.log
 create mode 100644 archive/2026-04-28/errfile_2026-04-27.log
 create mode 100644 archive/2026-04-28/errfile_2026-04-28.log
 create mode 100644 archive/2026-04-28/logfile_2026-04-27.log
 create mode 100644 archive/2026-04-28/logfile_2026-04-28.log
 create mode 100644 archive/2026-04-28/logfile_parent_2026-04-28.log
 create mode 100644 archive/2026-04-29/errfile_2026-04-28.log
 create mode 100644 archive/2026-04-29/errfile_2026-04-29.log
 create mode 100644 archive/2026-04-29/logfile_2026-04-28.log
 create mode 100644 archive/2026-04-29/logfile_2026-04-29.log
 create mode 100644 archive/2026-04-29/logfile_parent_2026-04-29.log
 create mode 100644 archive/2026-04-30/errfile_2026-04-29.log
 create mode 100644 archive/2026-04-30/errfile_2026-04-30.log
 create mode 100644 archive/2026-04-30/logfile_2026-04-29.log
 create mode 100644 archive/2026-04-30/logfile_2026-04-30.log
 create mode 100644 archive/2026-04-30/logfile_parent_2026-04-30.log
 create mode 100644 archive/2026-05-01/errfile_2026-04-30.log
 create mode 100644 archive/2026-05-01/errfile_2026-05-01.log
 create mode 100644 archive/2026-05-01/logfile_2026-04-30.log
 create mode 100644 archive/2026-05-01/logfile_2026-05-01.log
 create mode 100644 archive/2026-05-01/logfile_parent_2026-05-01.log
 create mode 100644 archive/2026-05-02/errfile_2026-05-01.log
 create mode 100644 archive/2026-05-02/errfile_2026-05-02.log
 create mode 100644 archive/2026-05-02/logfile_2026-05-01.log
 create mode 100644 archive/2026-05-02/logfile_2026-05-02.log
 create mode 100644 archive/2026-05-02/logfile_parent_2026-05-02.log
 create mode 100644 archive/2026-05-03/errfile_2026-05-02.log
 create mode 100644 archive/2026-05-03/errfile_2026-05-03.log
 create mode 100644 archive/2026-05-03/logfile_2026-05-02.log
 create mode 100644 archive/2026-05-03/logfile_2026-05-03.log
 create mode 100644 archive/2026-05-03/logfile_parent_2026-05-03.log
 create mode 100644 archive/2026-05-04/errfile_2026-05-03.log
 create mode 100644 archive/2026-05-04/errfile_2026-05-04.log
 create mode 100644 archive/2026-05-04/logfile_2026-05-03.log
 create mode 100644 archive/2026-05-04/logfile_2026-05-04.log
 create mode 100644 archive/2026-05-04/logfile_parent_2026-05-04.log
 create mode 100644 archive/2026-05-05/errfile_2026-05-04.log
 create mode 100644 archive/2026-05-05/errfile_2026-05-05.log
 create mode 100644 archive/2026-05-05/logfile_2026-05-04.log
 create mode 100644 archive/2026-05-05/logfile_2026-05-05.log
 create mode 100644 archive/2026-05-05/logfile_parent_2026-05-05.log
 create mode 100644 archive/2026-05-06/errfile_2026-05-05.log
 create mode 100644 archive/2026-05-06/errfile_2026-05-06.log
 create mode 100644 archive/2026-05-06/logfile_2026-05-05.log
 create mode 100644 archive/2026-05-06/logfile_2026-05-06.log
 create mode 100644 archive/2026-05-06/logfile_parent_2026-05-06.log
 create mode 100644 archive/2026-05-07/errfile_2026-05-06.log
 create mode 100644 archive/2026-05-07/errfile_2026-05-07.log
 create mode 100644 archive/2026-05-07/logfile_2026-05-06.log
 create mode 100644 archive/2026-05-07/logfile_2026-05-07.log
 create mode 100644 archive/2026-05-07/logfile_parent_2026-05-07.log
 create mode 100644 archive/2026-05-08/errfile_2026-05-07.log
 create mode 100644 archive/2026-05-08/errfile_2026-05-08.log
 create mode 100644 archive/2026-05-08/logfile_2026-05-07.log
 create mode 100644 archive/2026-05-08/logfile_2026-05-08.log
 create mode 100644 archive/2026-05-08/logfile_parent_2026-05-08.log
 create mode 100644 archive/2026-05-09/errfile_2026-05-08.log
 create mode 100644 archive/2026-05-09/errfile_2026-05-09.log
 create mode 100644 archive/2026-05-09/logfile_2026-05-08.log
 create mode 100644 archive/2026-05-09/logfile_2026-05-09.log
 create mode 100644 archive/2026-05-09/logfile_parent_2026-05-09.log
 create mode 100644 archive/2026-05-10/errfile_2026-05-09.log
 create mode 100644 archive/2026-05-10/errfile_2026-05-10.log
 create mode 100644 archive/2026-05-10/logfile_2026-05-09.log
 create mode 100644 archive/2026-05-10/logfile_2026-05-10.log
 create mode 100644 archive/2026-05-10/logfile_parent_2026-05-10.log
 create mode 100644 archive/2026-05-11/errfile_2026-05-10.log
 create mode 100644 archive/2026-05-11/errfile_2026-05-11.log
 create mode 100644 archive/2026-05-11/logfile_2026-05-10.log
 create mode 100644 archive/2026-05-11/logfile_2026-05-11.log
 create mode 100644 archive/2026-05-11/logfile_parent_2026-05-11.log
 create mode 100644 archive/2026-05-12/errfile_2026-05-11.log
 create mode 100644 archive/2026-05-12/errfile_2026-05-12.log
 create mode 100644 archive/2026-05-12/logfile_2026-05-11.log
 create mode 100644 archive/2026-05-12/logfile_2026-05-12.log
 create mode 100644 archive/2026-05-12/logfile_parent_2026-05-12.log
 create mode 100644 archive/2026-05-13/errfile_2026-05-12.log
 create mode 100644 archive/2026-05-13/errfile_2026-05-13.log
 create mode 100644 archive/2026-05-13/logfile_2026-05-12.log
 create mode 100644 archive/2026-05-13/logfile_2026-05-13.log
 create mode 100644 archive/2026-05-13/logfile_parent_2026-05-13.log
 create mode 100644 archive/2026-05-14/errfile_2026-05-13.log
 create mode 100644 archive/2026-05-14/errfile_2026-05-14.log
 create mode 100644 archive/2026-05-14/logfile_2026-05-13.log
 create mode 100644 archive/2026-05-14/logfile_2026-05-14.log
 create mode 100644 archive/2026-05-14/logfile_parent_2026-05-14.log
 create mode 100644 archive/2026-05-15/errfile_2026-05-14.log
 create mode 100644 archive/2026-05-15/errfile_2026-05-15.log
 create mode 100644 archive/2026-05-15/logfile_2026-05-14.log
 create mode 100644 archive/2026-05-15/logfile_2026-05-15.log
 create mode 100644 archive/2026-05-15/logfile_parent_2026-05-15.log
 create mode 100644 archive/2026-05-16/errfile_2026-05-15.log
 create mode 100644 archive/2026-05-16/errfile_2026-05-16.log
 create mode 100644 archive/2026-05-16/logfile_2026-05-15.log
 create mode 100644 archive/2026-05-16/logfile_2026-05-16.log
 create mode 100644 archive/2026-05-16/logfile_parent_2026-05-16.log
 create mode 100644 archive/2026-05-17/errfile_2026-05-16.log
 create mode 100644 archive/2026-05-17/errfile_2026-05-17.log
 create mode 100644 archive/2026-05-17/logfile_2026-05-16.log
 create mode 100644 archive/2026-05-17/logfile_2026-05-17.log
 create mode 100644 archive/2026-05-17/logfile_parent_2026-05-17.log
 create mode 100644 archive/2026-05-18/errfile_2026-05-17.log
 create mode 100644 archive/2026-05-18/errfile_2026-05-18.log
 create mode 100644 archive/2026-05-18/logfile_2026-05-17.log
 create mode 100644 archive/2026-05-18/logfile_2026-05-18.log
 create mode 100644 archive/2026-05-18/logfile_parent_2026-05-18.log
 create mode 100644 archive/2026-05-19/errfile_2026-05-18.log
 create mode 100644 archive/2026-05-19/errfile_2026-05-19.log
 create mode 100644 archive/2026-05-19/logfile_2026-05-18.log
 create mode 100644 archive/2026-05-19/logfile_2026-05-19.log
 create mode 100644 archive/2026-05-19/logfile_parent_2026-05-19.log
 create mode 100644 archive/2026-05-20/errfile_2026-05-19.log
 create mode 100644 archive/2026-05-20/errfile_2026-05-20.log
 create mode 100644 archive/2026-05-20/logfile_2026-05-19.log
 create mode 100644 archive/2026-05-20/logfile_2026-05-20.log
 create mode 100644 archive/2026-05-20/logfile_parent_2026-05-20.log
 create mode 100644 archive/2026-05-21/errfile_2026-05-20.log
 create mode 100644 archive/2026-05-21/errfile_2026-05-21.log
 create mode 100644 archive/2026-05-21/logfile_2026-05-20.log
 create mode 100644 archive/2026-05-21/logfile_2026-05-21.log
 create mode 100644 archive/2026-05-21/logfile_parent_2026-05-21.log
 create mode 100644 archive/2026-05-22/errfile_2026-05-21.log
 create mode 100644 archive/2026-05-22/errfile_2026-05-22.log
 create mode 100644 archive/2026-05-22/logfile_2026-05-21.log
 create mode 100644 archive/2026-05-22/logfile_2026-05-22.log
 create mode 100644 archive/2026-05-22/logfile_parent_2026-05-22.log
